127.0.0.1 - - [21/Nov/2019:15:00:48 +0530] "GET / HTTP/1.1" 404 1074
0:0:0:0:0:0:0:1 - - [21/Nov/2019:15:02:03 +0530] "GET /springrest/getAll HTTP/1.1" 404 1095
0:0:0:0:0:0:0:1 - - [21/Nov/2019:15:03:14 +0530] "GET /springrest/getAll HTTP/1.1" 404 1095
0:0:0:0:0:0:0:1 - - [21/Nov/2019:15:03:44 +0530] "GET /springrest/getAll HTTP/1.1" 404 1095
127.0.0.1 - - [21/Nov/2019:15:04:05 +0530] "GET / HTTP/1.1" 404 1074
0:0:0:0:0:0:0:1 - - [21/Nov/2019:15:04:32 +0530] "GET /springrest/getAll HTTP/1.1" 200 760
127.0.0.1 - - [21/Nov/2019:15:31:03 +0530] "GET / HTTP/1.1" 404 1074
127.0.0.1 - - [21/Nov/2019:15:31:21 +0530] "GET /springrest/getAll HTTP/1.1" 415 1087
127.0.0.1 - - [21/Nov/2019:15:31:33 +0530] "GET /springrest/getAll HTTP/1.1" 415 1087
0:0:0:0:0:0:0:1 - - [21/Nov/2019:15:32:14 +0530] "GET /springrest/getAll HTTP/1.1" 415 1087
0:0:0:0:0:0:0:1 - - [21/Nov/2019:15:33:49 +0530] "GET /springrest/getEmployee?empId=1 HTTP/1.1" 415 1087
127.0.0.1 - - [21/Nov/2019:15:34:46 +0530] "GET / HTTP/1.1" 404 1074
0:0:0:0:0:0:0:1 - - [21/Nov/2019:15:36:06 +0530] "GET /springrest/getEmployee?empId=1 HTTP/1.1" 415 1087
127.0.0.1 - - [21/Nov/2019:15:38:14 +0530] "GET / HTTP/1.1" 404 1074
0:0:0:0:0:0:0:1 - - [21/Nov/2019:15:38:41 +0530] "GET /springrest/getEmployee?empId=1 HTTP/1.1" 415 1087
127.0.0.1 - - [21/Nov/2019:15:40:28 +0530] "GET / HTTP/1.1" 404 1074
0:0:0:0:0:0:0:1 - - [21/Nov/2019:15:41:02 +0530] "GET /springrest/getEmployee?empId=1 HTTP/1.1" 200 128
127.0.0.1 - - [21/Nov/2019:15:42:34 +0530] "GET / HTTP/1.1" 404 1074
0:0:0:0:0:0:0:1 - - [21/Nov/2019:15:43:20 +0530] "GET /springrest/getEmployee?empId=1 HTTP/1.1" 415 1087
127.0.0.1 - - [21/Nov/2019:15:45:00 +0530] "GET / HTTP/1.1" 404 1074
0:0:0:0:0:0:0:1 - - [21/Nov/2019:15:45:32 +0530] "GET /springrest/getEmployee?empId=1 HTTP/1.1" 200 128
127.0.0.1 - - [21/Nov/2019:15:51:20 +0530] "GET / HTTP/1.1" 404 1074
0:0:0:0:0:0:0:1 - - [21/Nov/2019:15:51:53 +0530] "GET /springrest/getEmployee?empId=1 HTTP/1.1" 200 128
0:0:0:0:0:0:0:1 - - [21/Nov/2019:15:52:26 +0530] "GET /springrest/getAllEmployee HTTP/1.1" 404 1047
0:0:0:0:0:0:0:1 - - [21/Nov/2019:15:52:39 +0530] "GET /springrest/getAll HTTP/1.1" 200 484
127.0.0.1 - - [21/Nov/2019:17:11:24 +0530] "GET / HTTP/1.1" 404 1074
0:0:0:0:0:0:0:1 - - [21/Nov/2019:17:14:01 +0530] "PUT /springrest/addEmployee HTTP/1.1" 500 3721
0:0:0:0:0:0:0:1 - - [21/Nov/2019:17:16:47 +0530] "PUT /springrest/addEmployee HTTP/1.1" 415 1087
0:0:0:0:0:0:0:1 - - [21/Nov/2019:17:17:21 +0530] "PUT /springrest/addEmployee HTTP/1.1" 415 1087
0:0:0:0:0:0:0:1 - - [21/Nov/2019:17:18:32 +0530] "GET /springrest/deleteEmployee?empId=2 HTTP/1.1" 405 1114
0:0:0:0:0:0:0:1 - - [21/Nov/2019:17:19:42 +0530] "DELETE /springrest/getEmployee?empId=2 HTTP/1.1" 405 1117
127.0.0.1 - - [21/Nov/2019:17:20:10 +0530] "GET / HTTP/1.1" 404 1074
0:0:0:0:0:0:0:1 - - [21/Nov/2019:17:20:31 +0530] "DELETE /springrest/getEmployee?empId=2 HTTP/1.1" 405 1117
0:0:0:0:0:0:0:1 - - [21/Nov/2019:17:23:36 +0530] "DELETE /springrest/getEmployee?empId=1 HTTP/1.1" 405 1117
0:0:0:0:0:0:0:1 - - [21/Nov/2019:17:25:04 +0530] "GET /springrest/getEmployee?empId=2 HTTP/1.1" 200 127
0:0:0:0:0:0:0:1 - - [21/Nov/2019:17:27:31 +0530] "DELETE /springrest/DeleteEmployee?empId=2 HTTP/1.1" 404 1047
0:0:0:0:0:0:0:1 - - [21/Nov/2019:17:27:50 +0530] "DELETE /springrest/deleteEmployee?empId=2 HTTP/1.1" 500 3730
127.0.0.1 - - [21/Nov/2019:17:31:28 +0530] "GET / HTTP/1.1" 404 1074
0:0:0:0:0:0:0:1 - - [21/Nov/2019:17:31:45 +0530] "DELETE /springrest/deleteEmployee?empId=3 HTTP/1.1" 500 3730
0:0:0:0:0:0:0:1 - - [21/Nov/2019:17:33:12 +0530] "GET /springrest/getEmployee?empId=1 HTTP/1.1" 200 128
0:0:0:0:0:0:0:1 - - [21/Nov/2019:17:34:11 +0530] "GET /springrest/addEmployee HTTP/1.1" 405 1114
0:0:0:0:0:0:0:1 - - [21/Nov/2019:17:34:22 +0530] "PUT /springrest/addEmployee HTTP/1.1" 500 3721
0:0:0:0:0:0:0:1 - - [21/Nov/2019:17:35:18 +0530] "PUT /springrest/addEmployee HTTP/1.1" 415 1087
0:0:0:0:0:0:0:1 - - [21/Nov/2019:17:35:35 +0530] "PUT /springrest/addEmployee HTTP/1.1" 415 1087
127.0.0.1 - - [21/Nov/2019:17:36:11 +0530] "GET / HTTP/1.1" 404 1074
0:0:0:0:0:0:0:1 - - [21/Nov/2019:17:36:30 +0530] "PUT /springrest/addEmployee HTTP/1.1" 415 1087
127.0.0.1 - - [21/Nov/2019:17:36:46 +0530] "GET / HTTP/1.1" 404 1074
0:0:0:0:0:0:0:1 - - [21/Nov/2019:17:37:03 +0530] "PUT /springrest/addEmployee HTTP/1.1" 415 1087
0:0:0:0:0:0:0:1 - - [21/Nov/2019:17:40:14 +0530] "DELETE /springrest/deleteEmployee?empId=6 HTTP/1.1" 500 3730
127.0.0.1 - - [21/Nov/2019:17:42:53 +0530] "GET / HTTP/1.1" 404 1074
0:0:0:0:0:0:0:1 - - [21/Nov/2019:17:43:21 +0530] "DELETE /springrest/deleteEmployee?empId=5 HTTP/1.1" 200 90
0:0:0:0:0:0:0:1 - - [21/Nov/2019:17:45:09 +0530] "GET /springrest/getAll HTTP/1.1" 200 266
127.0.0.1 - - [21/Nov/2019:17:45:30 +0530] "GET / HTTP/1.1" 404 1074
0:0:0:0:0:0:0:1 - - [21/Nov/2019:17:46:19 +0530] "DELETE /springrest/addEmployee HTTP/1.1" 405 1117
0:0:0:0:0:0:0:1 - - [21/Nov/2019:17:46:32 +0530] "PUT /springrest/addEmployee HTTP/1.1" 200 88
0:0:0:0:0:0:0:1 - - [21/Nov/2019:17:47:56 +0530] "PUT /springrest/addEmployee HTTP/1.1" 200 88
0:0:0:0:0:0:0:1 - - [21/Nov/2019:17:48:09 +0530] "GET /springrest/deleteEmployee?empId=4 HTTP/1.1" 405 1114
0:0:0:0:0:0:0:1 - - [21/Nov/2019:17:48:17 +0530] "DELETE /springrest/deleteEmployee?empId=4 HTTP/1.1" 200 90
0:0:0:0:0:0:0:1 - - [21/Nov/2019:17:49:29 +0530] "POST /springrest/updateEmployee HTTP/1.1" 415 1087
0:0:0:0:0:0:0:1 - - [21/Nov/2019:17:49:49 +0530] "POST /springrest/updateEmployee HTTP/1.1" 200 90
0:0:0:0:0:0:0:1 - - [21/Nov/2019:17:50:09 +0530] "DELETE /springrest/deleteEmployee?empId=4 HTTP/1.1" 200 91
127.0.0.1 - - [21/Nov/2019:18:22:14 +0530] "GET / HTTP/1.1" 404 1074
0:0:0:0:0:0:0:1 - - [21/Nov/2019:18:22:42 +0530] "DELETE /springrest/getEmployee?empId=1 HTTP/1.1" 405 1117
0:0:0:0:0:0:0:1 - - [21/Nov/2019:18:23:02 +0530] "GET /springrest/getEmployee?empId=1 HTTP/1.1" 200 237
0:0:0:0:0:0:0:1 - - [21/Nov/2019:18:23:34 +0530] "GET /springrest/getAll HTTP/1.1" 200 487
127.0.0.1 - - [21/Nov/2019:18:51:51 +0530] "GET / HTTP/1.1" 404 1074
0:0:0:0:0:0:0:1 - - [21/Nov/2019:18:52:56 +0530] "GET /springrest/getAll HTTP/1.1" 200 487
127.0.0.1 - - [21/Nov/2019:18:54:17 +0530] "GET / HTTP/1.1" 404 1074
0:0:0:0:0:0:0:1 - - [21/Nov/2019:18:56:37 +0530] "GET /localspringmvc/loginForm HTTP/1.1" 404 1102
0:0:0:0:0:0:0:1 - - [21/Nov/2019:18:56:43 +0530] "GET /favicon.ico HTTP/1.1" 404 1085
0:0:0:0:0:0:0:1 - - [21/Nov/2019:18:57:34 +0530] "GET /springmvc/loginForm HTTP/1.1" 200 738
127.0.0.1 - - [21/Nov/2019:19:08:51 +0530] "GET / HTTP/1.1" 404 1074
0:0:0:0:0:0:0:1 - - [21/Nov/2019:19:09:11 +0530] "GET /springmvc/loginForm HTTP/1.1" 200 849
127.0.0.1 - - [21/Nov/2019:19:14:00 +0530] "GET / HTTP/1.1" 404 1074
0:0:0:0:0:0:0:1 - - [21/Nov/2019:19:14:36 +0530] "GET /springmvc/loginForm HTTP/1.1" 200 849
0:0:0:0:0:0:0:1 - - [21/Nov/2019:19:15:10 +0530] "POST /springmvc/login4 HTTP/1.1" 200 234
127.0.0.1 - - [21/Nov/2019:19:17:02 +0530] "GET / HTTP/1.1" 404 1074
0:0:0:0:0:0:0:1 - - [21/Nov/2019:19:17:24 +0530] "GET /springmvc/loginForm HTTP/1.1" 200 849
0:0:0:0:0:0:0:1 - - [21/Nov/2019:19:17:40 +0530] "POST /springmvc/login4 HTTP/1.1" 200 244
0:0:0:0:0:0:0:1 - - [21/Nov/2019:19:18:17 +0530] "GET /springmvc/login4 HTTP/1.1" 405 1114
0:0:0:0:0:0:0:1 - - [21/Nov/2019:19:18:23 +0530] "GET /springmvc/loginForm HTTP/1.1" 200 849
0:0:0:0:0:0:0:1 - - [21/Nov/2019:19:18:37 +0530] "POST /springmvc/login4 HTTP/1.1" 200 241
127.0.0.1 - - [21/Nov/2019:19:19:36 +0530] "GET / HTTP/1.1" 404 1074
0:0:0:0:0:0:0:1 - - [21/Nov/2019:19:19:47 +0530] "GET /springmvc/loginForm HTTP/1.1" 200 849
0:0:0:0:0:0:0:1 - - [21/Nov/2019:19:20:03 +0530] "POST /springmvc/login4 HTTP/1.1" 200 252
0:0:0:0:0:0:0:1 - - [21/Nov/2019:19:21:01 +0530] "GET /springmvc/loginForm HTTP/1.1" 200 849
0:0:0:0:0:0:0:1 - - [21/Nov/2019:19:21:13 +0530] "POST /springmvc/login4 HTTP/1.1" 200 237
