127.0.0.1 - - [18/Nov/2019:23:59:01 +0530] "GET / HTTP/1.1" 404 1074
127.0.0.1 - - [18/Nov/2019:11:53:17 +0530] "GET / HTTP/1.1" 404 1074
0:0:0:0:0:0:0:1 - - [18/Nov/2019:11:54:52 +0530] "POST /medicalspringrest/addtocart HTTP/1.1" 200 48
0:0:0:0:0:0:0:1 - - [18/Nov/2019:11:55:45 +0530] "POST /medicalspringrest/addtocart HTTP/1.1" 200 103
0:0:0:0:0:0:0:1 - - [18/Nov/2019:11:57:45 +0530] "POST /medicalspringrest/addtocart HTTP/1.1" 200 103
127.0.0.1 - - [18/Nov/2019:12:14:32 +0530] "GET / HTTP/1.1" 404 1074
127.0.0.1 - - [18/Nov/2019:12:14:42 +0530] "GET / HTTP/1.1" 404 1074
0:0:0:0:0:0:0:1 - - [18/Nov/2019:12:15:33 +0530] "POST /medicalspringrest/addtocart HTTP/1.1" 200 103
0:0:0:0:0:0:0:1 - - [18/Nov/2019:12:15:41 +0530] "POST /medicalspringrest/addtocart HTTP/1.1" 200 103
0:0:0:0:0:0:0:1 - - [18/Nov/2019:12:15:46 +0530] "POST /medicalspringrest/addtocart HTTP/1.1" 200 103
0:0:0:0:0:0:0:1 - - [18/Nov/2019:12:15:47 +0530] "POST /medicalspringrest/addtocart HTTP/1.1" 200 103
0:0:0:0:0:0:0:1 - - [18/Nov/2019:12:15:49 +0530] "POST /medicalspringrest/addtocart HTTP/1.1" 200 103
0:0:0:0:0:0:0:1 - - [18/Nov/2019:12:16:30 +0530] "POST /medicalspringrest/getcart HTTP/1.1" 405 1115
0:0:0:0:0:0:0:1 - - [18/Nov/2019:12:16:37 +0530] "GET /medicalspringrest/getcart HTTP/1.1" 500 4441
0:0:0:0:0:0:0:1 - - [18/Nov/2019:12:16:52 +0530] "GET /medicalspringrest/getcart?uid=1512535 HTTP/1.1" 200 432
0:0:0:0:0:0:0:1 - - [18/Nov/2019:12:17:35 +0530] "GET /medicalspringrest/removecart?cartId=10 HTTP/1.1" 500 4246
0:0:0:0:0:0:0:1 - - [18/Nov/2019:12:18:37 +0530] "GET /medicalspringrest/removecart?cartId=10 HTTP/1.1" 200 107
127.0.0.1 - - [18/Nov/2019:12:27:10 +0530] "GET / HTTP/1.1" 404 1074
0:0:0:0:0:0:0:1 - - [18/Nov/2019:12:27:49 +0530] "GET /medicalspringrest/removeallcart?uid=1512535 HTTP/1.1" 200 96
0:0:0:0:0:0:0:1 - - [18/Nov/2019:12:29:20 +0530] "GET /medicalspringrest/removeallcart?uid=1512535 HTTP/1.1" 200 96
127.0.0.1 - - [18/Nov/2019:12:29:40 +0530] "GET / HTTP/1.1" 404 1074
0:0:0:0:0:0:0:1 - - [18/Nov/2019:12:30:06 +0530] "GET /medicalspringrest/removeallcart?uid=1512535 HTTP/1.1" 200 96
127.0.0.1 - - [18/Nov/2019:12:32:04 +0530] "GET / HTTP/1.1" 404 1074
0:0:0:0:0:0:0:1 - - [18/Nov/2019:12:32:22 +0530] "GET /medicalspringrest/removeallcart?uid=1512535 HTTP/1.1" 200 96
127.0.0.1 - - [18/Nov/2019:12:39:22 +0530] "GET / HTTP/1.1" 404 1074
0:0:0:0:0:0:0:1 - - [18/Nov/2019:12:39:45 +0530] "GET /medicalspringrest/removeallcart?uid=1512535 HTTP/1.1" 200 96
127.0.0.1 - - [18/Nov/2019:12:42:19 +0530] "GET / HTTP/1.1" 404 1074
0:0:0:0:0:0:0:1 - - [18/Nov/2019:12:42:48 +0530] "GET /medicalspringrest/removeallcart?uid=1512535 HTTP/1.1" 200 92
127.0.0.1 - - [18/Nov/2019:12:46:42 +0530] "GET / HTTP/1.1" 404 1074
0:0:0:0:0:0:0:1 - - [18/Nov/2019:12:46:55 +0530] "GET /medicalspringrest/addtocart HTTP/1.1" 405 1114
0:0:0:0:0:0:0:1 - - [18/Nov/2019:12:47:04 +0530] "POST /medicalspringrest/addtocart HTTP/1.1" 200 103
0:0:0:0:0:0:0:1 - - [18/Nov/2019:12:47:11 +0530] "POST /medicalspringrest/addtocart HTTP/1.1" 200 103
0:0:0:0:0:0:0:1 - - [18/Nov/2019:12:47:21 +0530] "POST /medicalspringrest/addtocart HTTP/1.1" 200 103
0:0:0:0:0:0:0:1 - - [18/Nov/2019:12:47:32 +0530] "POST /medicalspringrest/addtocart HTTP/1.1" 200 103
0:0:0:0:0:0:0:1 - - [18/Nov/2019:12:47:34 +0530] "POST /medicalspringrest/addtocart HTTP/1.1" 200 103
0:0:0:0:0:0:0:1 - - [18/Nov/2019:12:47:44 +0530] "POST /medicalspringrest/addtocart HTTP/1.1" 200 103
127.0.0.1 - - [18/Nov/2019:13:01:04 +0530] "GET / HTTP/1.1" 404 1074
0:0:0:0:0:0:0:1 - - [18/Nov/2019:13:01:35 +0530] "POST /medicalspringrest/getcart=1512535 HTTP/1.1" 404 1047
0:0:0:0:0:0:0:1 - - [18/Nov/2019:13:02:29 +0530] "GET /medicalspringrest/getcart=1512535 HTTP/1.1" 404 1047
0:0:0:0:0:0:0:1 - - [18/Nov/2019:13:03:14 +0530] "GET /medicalspringrest/getcart?uid=1512535 HTTP/1.1" 200 105
0:0:0:0:0:0:0:1 - - [18/Nov/2019:13:03:38 +0530] "GET /medicalspringrest/removeallcart?uid=1512535 HTTP/1.1" 200 104
127.0.0.1 - - [18/Nov/2019:13:04:09 +0530] "GET / HTTP/1.1" 404 1074
0:0:0:0:0:0:0:1 - - [18/Nov/2019:13:04:28 +0530] "GET /medicalspringrest/removeallcart?uid=1512535 HTTP/1.1" 200 104
127.0.0.1 - - [18/Nov/2019:13:06:03 +0530] "GET / HTTP/1.1" 404 1074
0:0:0:0:0:0:0:1 - - [18/Nov/2019:13:06:21 +0530] "GET /medicalspringrest/removeallcart?uid=1512535 HTTP/1.1" 200 92
0:0:0:0:0:0:0:1 - - [18/Nov/2019:13:07:41 +0530] "GET /medicalspringrest/getcart?uid=17 HTTP/1.1" 200 93
0:0:0:0:0:0:0:1 - - [18/Nov/2019:13:07:55 +0530] "GET /medicalspringrest/getcart?uid=74 HTTP/1.1" 200 154
0:0:0:0:0:0:0:1 - - [18/Nov/2019:13:10:17 +0530] "GET /medicalspringrest/getcart?uid=74 HTTP/1.1" 200 154
127.0.0.1 - - [18/Nov/2019:13:10:29 +0530] "GET / HTTP/1.1" 404 1074
0:0:0:0:0:0:0:1 - - [18/Nov/2019:13:10:41 +0530] "GET /medicalspringrest/getcart?uid=74 HTTP/1.1" 200 154
0:0:0:0:0:0:0:1 - - [18/Nov/2019:13:11:09 +0530] "GET /medicalspringrest/getcart?uid=74 HTTP/1.1" 200 158
0:0:0:0:0:0:0:1 - - [18/Nov/2019:13:11:36 +0530] "GET /medicalspringrest/addtocart HTTP/1.1" 405 1114
0:0:0:0:0:0:0:1 - - [18/Nov/2019:13:11:37 +0530] "GET /medicalspringrest/addtocart HTTP/1.1" 405 1114
0:0:0:0:0:0:0:1 - - [18/Nov/2019:13:11:39 +0530] "GET /medicalspringrest/addtocart HTTP/1.1" 405 1114
0:0:0:0:0:0:0:1 - - [18/Nov/2019:13:11:48 +0530] "POST /medicalspringrest/addtocart HTTP/1.1" 200 48
0:0:0:0:0:0:0:1 - - [18/Nov/2019:13:11:49 +0530] "POST /medicalspringrest/addtocart HTTP/1.1" 200 103
0:0:0:0:0:0:0:1 - - [18/Nov/2019:13:11:52 +0530] "POST /medicalspringrest/addtocart HTTP/1.1" 200 103
0:0:0:0:0:0:0:1 - - [18/Nov/2019:13:11:54 +0530] "POST /medicalspringrest/addtocart HTTP/1.1" 200 103
0:0:0:0:0:0:0:1 - - [18/Nov/2019:13:11:56 +0530] "POST /medicalspringrest/addtocart HTTP/1.1" 200 103
127.0.0.1 - - [18/Nov/2019:13:18:31 +0530] "GET / HTTP/1.1" 404 1074
0:0:0:0:0:0:0:1 - - [18/Nov/2019:13:18:47 +0530] "POST /medicalspringrest/addtocart HTTP/1.1" 200 103
0:0:0:0:0:0:0:1 - - [18/Nov/2019:13:19:00 +0530] "POST /medicalspringrest/addtocart HTTP/1.1" 200 103
0:0:0:0:0:0:0:1 - - [18/Nov/2019:13:21:09 +0530] "POST /medicalspringrest/getcart?uid=74 HTTP/1.1" 405 1115
0:0:0:0:0:0:0:1 - - [18/Nov/2019:13:21:16 +0530] "GET /medicalspringrest/getcart?uid=74 HTTP/1.1" 200 420
127.0.0.1 - - [18/Nov/2019:13:22:29 +0530] "GET / HTTP/1.1" 404 1074
0:0:0:0:0:0:0:1 - - [18/Nov/2019:13:22:44 +0530] "GET /medicalspringrest/getcart?uid=74 HTTP/1.1" 200 420
127.0.0.1 - - [18/Nov/2019:13:32:04 +0530] "GET / HTTP/1.1" 404 1074
0:0:0:0:0:0:0:1 - - [18/Nov/2019:13:32:20 +0530] "GET /medicalspringrest/getcart?uid=74 HTTP/1.1" 200 422
127.0.0.1 - - [18/Nov/2019:13:35:40 +0530] "GET / HTTP/1.1" 404 1074
0:0:0:0:0:0:0:1 - - [18/Nov/2019:13:35:56 +0530] "GET /medicalspringrest/getcart?uid=74 HTTP/1.1" 200 422
127.0.0.1 - - [18/Nov/2019:17:17:02 +0530] "GET / HTTP/1.1" 404 1074
0:0:0:0:0:0:0:1 - - [18/Nov/2019:17:18:06 +0530] "GET /medicalspringrest/showAdminMessage HTTP/1.1" 500 10452
127.0.0.1 - - [18/Nov/2019:17:21:22 +0530] "GET / HTTP/1.1" 404 1074
0:0:0:0:0:0:0:1 - - [18/Nov/2019:17:21:55 +0530] "GET /medicalspringrest/showAdminMessage HTTP/1.1" 200 103
0:0:0:0:0:0:0:1 - - [18/Nov/2019:17:24:05 +0530] "GET /medicalspringrest/showAdminMessage HTTP/1.1" 200 81
0:0:0:0:0:0:0:1 - - [18/Nov/2019:17:28:26 +0530] "GET /medicalspringrest/showAdminMessage HTTP/1.1" 200 255
0:0:0:0:0:0:0:1 - - [18/Nov/2019:17:29:27 +0530] "GET /medicalspringrest/showUserMessage?uid=1512535 HTTP/1.1" 200 263
127.0.0.1 - - [18/Nov/2019:17:30:57 +0530] "GET / HTTP/1.1" 404 1074
0:0:0:0:0:0:0:1 - - [18/Nov/2019:17:31:09 +0530] "GET /medicalspringrest/showUserMessage?uid=1512535 HTTP/1.1" 200 263
127.0.0.1 - - [18/Nov/2019:17:33:39 +0530] "GET / HTTP/1.1" 404 1074
0:0:0:0:0:0:0:1 - - [18/Nov/2019:17:33:54 +0530] "GET /medicalspringrest/showUserMessage?uid=1512535 HTTP/1.1" 200 182
0:0:0:0:0:0:0:1 - - [18/Nov/2019:17:34:27 +0530] "GET /medicalspringrest/showUserMessage?uid=1512536 HTTP/1.1" 200 180
127.0.0.1 - - [18/Nov/2019:17:37:15 +0530] "GET / HTTP/1.1" 404 1074
0:0:0:0:0:0:0:1 - - [18/Nov/2019:17:37:33 +0530] "PUT /medicalspringrest/userResponse HTTP/1.1" 400 1200
0:0:0:0:0:0:0:1 - - [18/Nov/2019:17:39:13 +0530] "PUT /medicalspringrest/userResponse HTTP/1.1" 400 1200
0:0:0:0:0:0:0:1 - - [18/Nov/2019:17:42:06 +0530] "PUT /medicalspringrest/userResponse?uid=1512535&message=Hello%20Iam%20Uday%20Shroff&type=Question HTTP/1.1" 500 14160
127.0.0.1 - - [18/Nov/2019:17:42:28 +0530] "GET / HTTP/1.1" 404 1074
0:0:0:0:0:0:0:1 - - [18/Nov/2019:17:42:36 +0530] "PUT /medicalspringrest/userResponse?uid=1512535&message=Hello%20Iam%20Uday%20Shroff&type=Question HTTP/1.1" 200 145
0:0:0:0:0:0:0:1 - - [18/Nov/2019:17:43:08 +0530] "GET /medicalspringrest/showUserMessage HTTP/1.1" 400 1200
0:0:0:0:0:0:0:1 - - [18/Nov/2019:17:43:14 +0530] "GET /medicalspringrest/showUserMessage HTTP/1.1" 400 1200
0:0:0:0:0:0:0:1 - - [18/Nov/2019:17:43:34 +0530] "GET /medicalspringrest/showUserMessage HTTP/1.1" 400 1200
0:0:0:0:0:0:0:1 - - [18/Nov/2019:17:43:37 +0530] "GET /medicalspringrest/showUserMessage HTTP/1.1" 400 1200
0:0:0:0:0:0:0:1 - - [18/Nov/2019:17:43:52 +0530] "GET /medicalspringrest/showUserMessage HTTP/1.1" 400 1200
0:0:0:0:0:0:0:1 - - [18/Nov/2019:17:44:29 +0530] "GET /medicalspringrest/showAdminMessage HTTP/1.1" 200 335
0:0:0:0:0:0:0:1 - - [18/Nov/2019:17:45:35 +0530] "GET /medicalspringrest/showUserMessage?uid=1512535 HTTP/1.1" 200 182
0:0:0:0:0:0:0:1 - - [18/Nov/2019:17:48:50 +0530] "GET /medicalspringrest/adminResponse?uid=1512535&message=Hello%20Uday%20Shroff&type=response HTTP/1.1" 405 1114
0:0:0:0:0:0:0:1 - - [18/Nov/2019:17:48:57 +0530] "PUT /medicalspringrest/adminResponse?uid=1512535&message=Hello%20Uday%20Shroff&type=response HTTP/1.1" 200 93
0:0:0:0:0:0:0:1 - - [18/Nov/2019:17:49:31 +0530] "GET /medicalspringrest/showadminmessage HTTP/1.1" 404 1047
127.0.0.1 - - [18/Nov/2019:17:50:03 +0530] "GET / HTTP/1.1" 404 1074
0:0:0:0:0:0:0:1 - - [18/Nov/2019:17:50:16 +0530] "GET /medicalspringrest/showadminmessage HTTP/1.1" 200 335
0:0:0:0:0:0:0:1 - - [18/Nov/2019:17:55:48 +0530] "PUT /medicalspringrest/adminResponse?uid=1512535&message=Hello%20Uday%20Shroff&= HTTP/1.1" 200 93
127.0.0.1 - - [18/Nov/2019:17:56:03 +0530] "GET / HTTP/1.1" 404 1074
0:0:0:0:0:0:0:1 - - [18/Nov/2019:17:56:31 +0530] "PUT /medicalspringrest/adminResponse?uid=1512535&message=Hello%20Uday%20Shroff&= HTTP/1.1" 200 93
0:0:0:0:0:0:0:1 - - [18/Nov/2019:17:56:40 +0530] "GET /medicalspringrest/showadminmessage HTTP/1.1" 200 335
0:0:0:0:0:0:0:1 - - [18/Nov/2019:17:56:43 +0530] "GET /medicalspringrest/showadminmessage HTTP/1.1" 200 335
0:0:0:0:0:0:0:1 - - [18/Nov/2019:17:56:46 +0530] "GET /medicalspringrest/showadminmessage HTTP/1.1" 200 335
0:0:0:0:0:0:0:1 - - [18/Nov/2019:17:57:19 +0530] "PUT /medicalspringrest/userResponse?uid=1512535&message=Hello%20Iam%20Uday%20Shroff HTTP/1.1" 200 145
0:0:0:0:0:0:0:1 - - [18/Nov/2019:17:57:28 +0530] "GET /medicalspringrest/showadminmessage HTTP/1.1" 200 414
0:0:0:0:0:0:0:1 - - [18/Nov/2019:17:57:55 +0530] "GET /medicalspringrest/showadminmessage?uid=1512535 HTTP/1.1" 200 414
127.0.0.1 - - [18/Nov/2019:22:13:05 +0530] "GET / HTTP/1.1" 404 1074
0:0:0:0:0:0:0:1 - - [18/Nov/2019:22:13:36 +0530] "GET /medicalspringrest/orderHistory?uid=1512535 HTTP/1.1" 415 1087
0:0:0:0:0:0:0:1 - - [18/Nov/2019:22:14:58 +0530] "GET /medicalspringrest/orderHistory?uid=1512535 HTTP/1.1" 415 1087
0:0:0:0:0:0:0:1 - - [18/Nov/2019:22:15:42 +0530] "GET /medicalspringrest/orderHistory?uid=1512535 HTTP/1.1" 415 1087
0:0:0:0:0:0:0:1 - - [18/Nov/2019:22:16:23 +0530] "GET /medicalspringrest/orderHistory?uid=1512535 HTTP/1.1" 415 1087
127.0.0.1 - - [18/Nov/2019:22:21:02 +0530] "GET / HTTP/1.1" 404 1074
0:0:0:0:0:0:0:1 - - [18/Nov/2019:22:21:27 +0530] "GET /medicalspringrest/orderHistory?uid=1512535 HTTP/1.1" 200 181
0:0:0:0:0:0:0:1 - - [18/Nov/2019:22:21:37 +0530] "GET /medicalspringrest/orderHistory?uid=1512536 HTTP/1.1" 200 183
127.0.0.1 - - [18/Nov/2019:22:31:22 +0530] "GET / HTTP/1.1" 404 1074
0:0:0:0:0:0:0:1 - - [18/Nov/2019:22:33:09 +0530] "GET /medicalspringrest/addToOrder?uid=1512535&adress=Jammu&cardNo=7410741074107410 HTTP/1.1" 405 1114
0:0:0:0:0:0:0:1 - - [18/Nov/2019:22:33:20 +0530] "POST /medicalspringrest/addToOrder?uid=1512535&adress=Jammu&cardNo=7410741074107410 HTTP/1.1" 200 89
127.0.0.1 - - [18/Nov/2019:22:34:35 +0530] "GET / HTTP/1.1" 404 1074
0:0:0:0:0:0:0:1 - - [18/Nov/2019:22:34:59 +0530] "POST /medicalspringrest/addToOrder?uid=1512535&adress=Jammu&cardNo=7410741074107410 HTTP/1.1" 200 89
0:0:0:0:0:0:0:1 - - [18/Nov/2019:22:35:17 +0530] "GET /medicalspringrest/orderHistory?uid=1512535 HTTP/1.1" 415 1087
0:0:0:0:0:0:0:1 - - [18/Nov/2019:22:35:32 +0530] "GET /medicalspringrest/orderHistory?uid=1512535 HTTP/1.1" 200 356
